WARNING: Position Mitglied des Bundesrates in Deutschland (Q15835370) not in boundary associated_wikidata_positions
WARNING: Position Mitglied des Deutschen Bundestages (Q1939555) not in boundary associated_wikidata_positions
WARNING: Position Mitglied des Deutschen Bundestages (Q1939555) not in boundary associated_wikidata_positions
WARNING: Position Mitglied des Landtages des Saarlands (Q18130478) not in boundary associated_wikidata_positions
WARNING: Position Mitglied des Landtag Rheinland-Pfalz (Q18618563) not in boundary associated_wikidata_positions
WARNING: Position Mitglied der Bremischen Bürgerschaft (Q17441472) not in boundary associated_wikidata_positions
WARNING: Position Mitglied des Niedersächsischen Landtags (Q17521638) not in boundary associated_wikidata_positions
WARNING: Position Mitglied des Schleswig-Holsteinischen Landtages (Q18130496) not in boundary associated_wikidata_positions
WARNING: the district Landtagswahlkreis Flensburg (Q1030010) wasn't found in the boundary data for position Mitglied des Schleswig-Holsteinischen Landtages (Q18130496)
WARNING: Position Mitglied des Landtages von Baden-Württemberg (Q17481175) not in boundary associated_wikidata_positions
WARNING: Position Mitglied des Hessischen Landtags (Q17519166) not in boundary associated_wikidata_positions
WARNING: Position Mitglied des Brandenburgischen Landtags (Q18556824) not in boundary associated_wikidata_positions
WARNING: the district Landtagswahlkreis Spree-Neiße II (Q1804633) wasn't found in the boundary data for position Mitglied des Brandenburgischen Landtags (Q18556824)
WARNING: Position Mitglied des Landtag Nordrhein-Westfalen (Q17781726) not in boundary associated_wikidata_positions
WARNING: Position Mitglied des Landtag Nordrhein-Westfalen (Q17781726) not in boundary associated_wikidata_positions
WARNING: Position Mitglied des Abgeordnetenhaus von Berlin (Q18327335) not in boundary associated_wikidata_positions
WARNING: the district Wahlkreis Pankow 1 (Q1312520) wasn't found in the boundary data for position Mitglied des Abgeordnetenhaus von Berlin (Q18327335)
WARNING: the district Landesliste (Q1802367) wasn't found in the boundary data for position Mitglied des Abgeordnetenhaus von Berlin (Q18327335)
WARNING: the district Landesliste (Q1802367) wasn't found in the boundary data for position Mitglied des Abgeordnetenhaus von Berlin (Q18327335)
WARNING: Position Mitglied des Bayerischen Landtags (Q17586301) not in boundary associated_wikidata_positions
WARNING: the district Wahlkreis Oberbayern (Q1324071) wasn't found in the boundary data for position Mitglied des Bayerischen Landtags (Q17586301)
WARNING: the district Stimmkreis Erding (Q1702535) wasn't found in the boundary data for position Mitglied des Bayerischen Landtags (Q17586301)
WARNING: the district Stimmkreis München-Milbertshofen (Q1518282) wasn't found in the boundary data for position Mitglied des Bayerischen Landtags (Q17586301)
WARNING: the district Stimmkreis Landshut (Q2349979) wasn't found in the boundary data for position Mitglied des Bayerischen Landtags (Q17586301)
WARNING: the district Stimmkreis Ingolstadt (Q1446858) wasn't found in the boundary data for position Mitglied des Bayerischen Landtags (Q17586301)
WARNING: the district Stimmkreis Nürnberg-West (Q1627491) wasn't found in the boundary data for position Mitglied des Bayerischen Landtags (Q17586301)
WARNING: Position Mitglied des Landtag Mecklenburg-Vorpommern (Q18327349) not in boundary associated_wikidata_positions
WARNING: the district Landtagswahlkreis Landkreis Rostock I (Q1628959) wasn't found in the boundary data for position Mitglied des Landtag Mecklenburg-Vorpommern (Q18327349)
WARNING: the district Landtagswahlkreis Landkreis Rostock I (Q1628959) wasn't found in the boundary data for position Mitglied des Landtag Mecklenburg-Vorpommern (Q18327349)
WARNING: Position Mitglied des Landtag Mecklenburg-Vorpommern (Q18327349) not in boundary associated_wikidata_positions
WARNING: the district Landtagswahlkreis Landkreis Rostock I (Q1628959) wasn't found in the boundary data for position Mitglied des Landtag Mecklenburg-Vorpommern (Q18327349)
WARNING: Position Mitglied des Landtag Mecklenburg-Vorpommern (Q18327349) not in boundary associated_wikidata_positions
WARNING: the district Landtagswahlkreis Landkreis Rostock I (Q1628959) wasn't found in the boundary data for position Mitglied des Landtag Mecklenburg-Vorpommern (Q18327349)
WARNING: the district Landtagswahlkreis Landkreis Rostock I (Q1628959) wasn't found in the boundary data for position Mitglied des Landtag Mecklenburg-Vorpommern (Q18327349)
WARNING: Position Mitglied des Sächsischen Landtages (Q17334379) not in boundary associated_wikidata_positions
WARNING: Position Mitglied des Landtag Sachsen-Anhalt (Q18559580) not in boundary associated_wikidata_positions
WARNING: Position Mitglied des Thüringer Landtags (Q17344251) not in boundary associated_wikidata_positions
WARNING: Position Ministerpräsident von Rheinland-Pfalz (Q15720142) not in boundary associated_wikidata_positions
WARNING: the district Rheinland-Pfalz (Q1200) wasn't found in the boundary data for position Ministerpräsident von Rheinland-Pfalz (Q15720142)
WARNING: Position Ministerpräsident Sachsen-Anhalts (Q30968305) not in boundary associated_wikidata_positions
WARNING: the district Sachsen-Anhalt (Q1206) wasn't found in the boundary data for position Ministerpräsident Sachsen-Anhalts (Q30968305)
WARNING: Position Ministerpräsident des Saarlandes (Q31068298) not in boundary associated_wikidata_positions
WARNING: the district Saarland (Q1201) wasn't found in the boundary data for position Ministerpräsident des Saarlandes (Q31068298)
WARNING: Position Ministerpräsident Mecklenburg-Vorpommerns (Q14917672) not in boundary associated_wikidata_positions
WARNING: the district Mecklenburg-Vorpommern (Q1196) wasn't found in the boundary data for position Ministerpräsident Mecklenburg-Vorpommerns (Q14917672)
WARNING: Position Ministerpräsident Thüringens (Q30584228) not in boundary associated_wikidata_positions
WARNING: the district Thüringen (Q1205) wasn't found in the boundary data for position Ministerpräsident Thüringens (Q30584228)
WARNING: the district Thüringen (Q1205) wasn't found in the boundary data for position Ministerpräsident Thüringens (Q30584228)
WARNING: Position Ministerpräsident Hessens (Q1615935) not in boundary associated_wikidata_positions
WARNING: the district Hessen (Q1199) wasn't found in the boundary data for position Ministerpräsident Hessens (Q1615935)
WARNING: the district Hessen (Q1199) wasn't found in the boundary data for position Ministerpräsident Hessens (Q1615935)
WARNING: Position Ministerpräsident Niedersachsens (Q31524732) not in boundary associated_wikidata_positions
WARNING: the district Niedersachsen (Q1197) wasn't found in the boundary data for position Ministerpräsident Niedersachsens (Q31524732)
WARNING: Position Ministerpräsident Schleswig-Holsteins (Q30263013) not in boundary associated_wikidata_positions
WARNING: the district Schleswig-Holstein (Q1194) wasn't found in the boundary data for position Ministerpräsident Schleswig-Holsteins (Q30263013)
WARNING: Position Ministerpräsident Nordrhein-Westfalens (Q30534793) not in boundary associated_wikidata_positions
WARNING: the district Nordrhein-Westfalen (Q1198) wasn't found in the boundary data for position Ministerpräsident Nordrhein-Westfalens (Q30534793)
WARNING: Position Ministerpräsident Sachsens (Q30569887) not in boundary associated_wikidata_positions
WARNING: the district Sachsen (Q1202) wasn't found in the boundary data for position Ministerpräsident Sachsens (Q30569887)
WARNING: the district Sachsen (Q1202) wasn't found in the boundary data for position Ministerpräsident Sachsens (Q30569887)
WARNING: Position Bundeskanzler (Q4970706) not in boundary associated_wikidata_positions
WARNING: the district Deutschland (Q183) wasn't found in the boundary data for position Bundeskanzler (Q4970706)
WARNING: the district Deutschland (Q183) wasn't found in the boundary data for position Bundeskanzler (Q4970706)
WARNING: Position Bremer Bürgermeister (Q31388880) not in boundary associated_wikidata_positions
WARNING: the district Freie Hansestadt Bremen (Q1209) wasn't found in the boundary data for position Bremer Bürgermeister (Q31388880)
WARNING: the district Freie Hansestadt Bremen (Q1209) wasn't found in the boundary data for position Bremer Bürgermeister (Q31388880)
WARNING: Position Regierender Bürgermeister von Berlin (Q641159) not in boundary associated_wikidata_positions
WARNING: the district Berlin (Q64) wasn't found in the boundary data for position Regierender Bürgermeister von Berlin (Q641159)
WARNING: the district Berlin (Q64) wasn't found in the boundary data for position Regierender Bürgermeister von Berlin (Q641159)
WARNING: the district Berlin (Q64) wasn't found in the boundary data for position Regierender Bürgermeister von Berlin (Q641159)
WARNING: the district Berlin (Q64) wasn't found in the boundary data for position Regierender Bürgermeister von Berlin (Q641159)
WARNING: the district Berlin (Q64) wasn't found in the boundary data for position Regierender Bürgermeister von Berlin (Q641159)
WARNING: the district Berlin (Q64) wasn't found in the boundary data for position Regierender Bürgermeister von Berlin (Q641159)
WARNING: Position Ministerpräsident Bayerns (Q15303555) not in boundary associated_wikidata_positions
WARNING: the district Bayern (Q980) wasn't found in the boundary data for position Ministerpräsident Bayerns (Q15303555)
WARNING: the district Bayern (Q980) wasn't found in the boundary data for position Ministerpräsident Bayerns (Q15303555)
WARNING: the district Bayern (Q980) wasn't found in the boundary data for position Ministerpräsident Bayerns (Q15303555)
WARNING: the district Bayern (Q980) wasn't found in the boundary data for position Ministerpräsident Bayerns (Q15303555)
WARNING: the district Bayern (Q980) wasn't found in the boundary data for position Ministerpräsident Bayerns (Q15303555)
WARNING: the district Bayern (Q980) wasn't found in the boundary data for position Ministerpräsident Bayerns (Q15303555)
WARNING: Position Ministerpräsident Baden-Württembergs (Q31096505) not in boundary associated_wikidata_positions
WARNING: the district Baden-Württemberg (Q985) wasn't found in the boundary data for position Ministerpräsident Baden-Württembergs (Q31096505)
WARNING: the district Baden-Württemberg (Q985) wasn't found in the boundary data for position Ministerpräsident Baden-Württembergs (Q31096505)
WARNING: Position Ministerpräsident Brandenburgs (Q30562601) not in boundary associated_wikidata_positions
WARNING: the district Brandenburg (Q1208) wasn't found in the boundary data for position Ministerpräsident Brandenburgs (Q30562601)
